Building file: ../Drivers/STM32F1xx_HAL_Driver/Src/stm32f1xx_hal.c
Building file: ../Drivers/STM32F1xx_HAL_Driver/Src/stm32f1xx_hal_cortex.c
Building file: ../Drivers/STM32F1xx_HAL_Driver/Src/stm32f1xx_hal_dma.c
Building file: ../Drivers/STM32F1xx_HAL_Driver/Src/stm32f1xx_hal_exti.c
Building file: ../Drivers/STM32F1xx_HAL_Driver/Src/stm32f1xx_hal_flash.c
Invoking: MCU GCC Compiler
Invoking: MCU GCC Compiler
Invoking: MCU GCC Compiler
Building file: ../Drivers/STM32F1xx_HAL_Driver/Src/stm32f1xx_hal_flash_ex.c
Invoking: MCU GCC Compiler
Building file: ../Drivers/STM32F1xx_HAL_Driver/Src/stm32f1xx_hal_gpio.c
Invoking: MCU GCC Compiler
Building file: ../Drivers/STM32F1xx_HAL_Driver/Src/stm32f1xx_hal_gpio_ex.c
E:\Users\joaom\Documents\Cursos\Programação de sistemas embarcados\pse-codes\projeto5\Debug
E:\Users\joaom\Documents\Cursos\Programação de sistemas embarcados\pse-codes\projeto5\Debug
Invoking: MCU GCC Compiler
E:\Users\joaom\Documents\Cursos\Programação de sistemas embarcados\pse-codes\projeto5\Debug
arm-none-eabi-gcc -mcpu=cortex-m3 -mthumb -mfloat-abi=soft -DUSE_HAL_DRIVER -DSTM32F103xB -I"E:/Users/joaom/Documents/Cursos/Programação de sistemas embarcados/pse-codes/projeto5/Core/Inc" -I"E:/Users/joaom/Documents/Cursos/Programação de sistemas embarcados/pse-codes/projeto5/Drivers/STM32F1xx_HAL_Driver/Inc" -I"E:/Users/joaom/Documents/Cursos/Programação de sistemas embarcados/pse-codes/projeto5/Drivers/STM32F1xx_HAL_Driver/Inc/Legacy" -I"E:/Users/joaom/Documents/Cursos/Programação de sistemas embarcados/pse-codes/projeto5/Drivers/CMSIS/Device/ST/STM32F1xx/Include" -I"E:/Users/joaom/Documents/Cursos/Programação de sistemas embarcados/pse-codes/projeto5/Drivers/CMSIS/Include"  -Og -g3 -Wall -fmessage-length=0 -ffunction-sections -c -fmessage-length=0 -MMD -MP -MF"Drivers/STM32F1xx_HAL_Driver/Src/stm32f1xx_hal_cortex.d" -MT"Drivers/STM32F1xx_HAL_Driver/Src/stm32f1xx_hal_cortex.o" -o "Drivers/STM32F1xx_HAL_Driver/Src/stm32f1xx_hal_cortex.o" "../Drivers/STM32F1xx_HAL_Driver/Src/stm32f1xx_hal_cortex.c"
E:\Users\joaom\Documents\Cursos\Programação de sistemas embarcados\pse-codes\projeto5\Debug
E:\Users\joaom\Documents\Cursos\Programação de sistemas embarcados\pse-codes\projeto5\Debug
Invoking: MCU GCC Compiler
arm-none-eabi-gcc -mcpu=cortex-m3 -mthumb -mfloat-abi=soft -DUSE_HAL_DRIVER -DSTM32F103xB -I"E:/Users/joaom/Documents/Cursos/Programação de sistemas embarcados/pse-codes/projeto5/Core/Inc" -I"E:/Users/joaom/Documents/Cursos/Programação de sistemas embarcados/pse-codes/projeto5/Drivers/STM32F1xx_HAL_Driver/Inc" -I"E:/Users/joaom/Documents/Cursos/Programação de sistemas embarcados/pse-codes/projeto5/Drivers/STM32F1xx_HAL_Driver/Inc/Legacy" -I"E:/Users/joaom/Documents/Cursos/Programação de sistemas embarcados/pse-codes/projeto5/Drivers/CMSIS/Device/ST/STM32F1xx/Include" -I"E:/Users/joaom/Documents/Cursos/Programação de sistemas embarcados/pse-codes/projeto5/Drivers/CMSIS/Include"  -Og -g3 -Wall -fmessage-length=0 -ffunction-sections -c -fmessage-length=0 -MMD -MP -MF"Drivers/STM32F1xx_HAL_Driver/Src/stm32f1xx_hal.d" -MT"Drivers/STM32F1xx_HAL_Driver/Src/stm32f1xx_hal.o" -o "Drivers/STM32F1xx_HAL_Driver/Src/stm32f1xx_hal.o" "../Drivers/STM32F1xx_HAL_Driver/Src/stm32f1xx_hal.c"
arm-none-eabi-gcc -mcpu=cortex-m3 -mthumb -mfloat-abi=soft -DUSE_HAL_DRIVER -DSTM32F103xB -I"E:/Users/joaom/Documents/Cursos/Programação de sistemas embarcados/pse-codes/projeto5/Core/Inc" -I"E:/Users/joaom/Documents/Cursos/Programação de sistemas embarcados/pse-codes/projeto5/Drivers/STM32F1xx_HAL_Driver/Inc" -I"E:/Users/joaom/Documents/Cursos/Programação de sistemas embarcados/pse-codes/projeto5/Drivers/STM32F1xx_HAL_Driver/Inc/Legacy" -I"E:/Users/joaom/Documents/Cursos/Programação de sistemas embarcados/pse-codes/projeto5/Drivers/CMSIS/Device/ST/STM32F1xx/Include" -I"E:/Users/joaom/Documents/Cursos/Programação de sistemas embarcados/pse-codes/projeto5/Drivers/CMSIS/Include"  -Og -g3 -Wall -fmessage-length=0 -ffunction-sections -c -fmessage-length=0 -MMD -MP -MF"Drivers/STM32F1xx_HAL_Driver/Src/stm32f1xx_hal_dma.d" -MT"Drivers/STM32F1xx_HAL_Driver/Src/stm32f1xx_hal_dma.o" -o "Drivers/STM32F1xx_HAL_Driver/Src/stm32f1xx_hal_dma.o" "../Drivers/STM32F1xx_HAL_Driver/Src/stm32f1xx_hal_dma.c"
Invoking: MCU GCC Compiler
arm-none-eabi-gcc -mcpu=cortex-m3 -mthumb -mfloat-abi=soft -DUSE_HAL_DRIVER -DSTM32F103xB -I"E:/Users/joaom/Documents/Cursos/Programação de sistemas embarcados/pse-codes/projeto5/Core/Inc" -I"E:/Users/joaom/Documents/Cursos/Programação de sistemas embarcados/pse-codes/projeto5/Drivers/STM32F1xx_HAL_Driver/Inc" -I"E:/Users/joaom/Documents/Cursos/Programação de sistemas embarcados/pse-codes/projeto5/Drivers/STM32F1xx_HAL_Driver/Inc/Legacy" -I"E:/Users/joaom/Documents/Cursos/Programação de sistemas embarcados/pse-codes/projeto5/Drivers/CMSIS/Device/ST/STM32F1xx/Include" -I"E:/Users/joaom/Documents/Cursos/Programação de sistemas embarcados/pse-codes/projeto5/Drivers/CMSIS/Include"  -Og -g3 -Wall -fmessage-length=0 -ffunction-sections -c -fmessage-length=0 -MMD -MP -MF"Drivers/STM32F1xx_HAL_Driver/Src/stm32f1xx_hal_exti.d" -MT"Drivers/STM32F1xx_HAL_Driver/Src/stm32f1xx_hal_exti.o" -o "Drivers/STM32F1xx_HAL_Driver/Src/stm32f1xx_hal_exti.o" "../Drivers/STM32F1xx_HAL_Driver/Src/stm32f1xx_hal_exti.c"
arm-none-eabi-gcc -mcpu=cortex-m3 -mthumb -mfloat-abi=soft -DUSE_HAL_DRIVER -DSTM32F103xB -I"E:/Users/joaom/Documents/Cursos/Programação de sistemas embarcados/pse-codes/projeto5/Core/Inc" -I"E:/Users/joaom/Documents/Cursos/Programação de sistemas embarcados/pse-codes/projeto5/Drivers/STM32F1xx_HAL_Driver/Inc" -I"E:/Users/joaom/Documents/Cursos/Programação de sistemas embarcados/pse-codes/projeto5/Drivers/STM32F1xx_HAL_Driver/Inc/Legacy" -I"E:/Users/joaom/Documents/Cursos/Programação de sistemas embarcados/pse-codes/projeto5/Drivers/CMSIS/Device/ST/STM32F1xx/Include" -I"E:/Users/joaom/Documents/Cursos/Programação de sistemas embarcados/pse-codes/projeto5/Drivers/CMSIS/Include"  -Og -g3 -Wall -fmessage-length=0 -ffunction-sections -c -fmessage-length=0 -MMD -MP -MF"Drivers/STM32F1xx_HAL_Driver/Src/stm32f1xx_hal_flash.d" -MT"Drivers/STM32F1xx_HAL_Driver/Src/stm32f1xx_hal_flash.o" -o "Drivers/STM32F1xx_HAL_Driver/Src/stm32f1xx_hal_flash.o" "../Drivers/STM32F1xx_HAL_Driver/Src/stm32f1xx_hal_flash.c"
E:\Users\joaom\Documents\Cursos\Programação de sistemas embarcados\pse-codes\projeto5\Debug
E:\Users\joaom\Documents\Cursos\Programação de sistemas embarcados\pse-codes\projeto5\Debug
arm-none-eabi-gcc -mcpu=cortex-m3 -mthumb -mfloat-abi=soft -DUSE_HAL_DRIVER -DSTM32F103xB -I"E:/Users/joaom/Documents/Cursos/Programação de sistemas embarcados/pse-codes/projeto5/Core/Inc" -I"E:/Users/joaom/Documents/Cursos/Programação de sistemas embarcados/pse-codes/projeto5/Drivers/STM32F1xx_HAL_Driver/Inc" -I"E:/Users/joaom/Documents/Cursos/Programação de sistemas embarcados/pse-codes/projeto5/Drivers/STM32F1xx_HAL_Driver/Inc/Legacy" -I"E:/Users/joaom/Documents/Cursos/Programação de sistemas embarcados/pse-codes/projeto5/Drivers/CMSIS/Device/ST/STM32F1xx/Include" -I"E:/Users/joaom/Documents/Cursos/Programação de sistemas embarcados/pse-codes/projeto5/Drivers/CMSIS/Include"  -Og -g3 -Wall -fmessage-length=0 -ffunction-sections -c -fmessage-length=0 -MMD -MP -MF"Drivers/STM32F1xx_HAL_Driver/Src/stm32f1xx_hal_flash_ex.d" -MT"Drivers/STM32F1xx_HAL_Driver/Src/stm32f1xx_hal_flash_ex.o" -o "Drivers/STM32F1xx_HAL_Driver/Src/stm32f1xx_hal_flash_ex.o" "../Drivers/STM32F1xx_HAL_Driver/Src/stm32f1xx_hal_flash_ex.c"
E:\Users\joaom\Documents\Cursos\Programação de sistemas embarcados\pse-codes\projeto5\Debug
arm-none-eabi-gcc -mcpu=cortex-m3 -mthumb -mfloat-abi=soft -DUSE_HAL_DRIVER -DSTM32F103xB -I"E:/Users/joaom/Documents/Cursos/Programação de sistemas embarcados/pse-codes/projeto5/Core/Inc" -I"E:/Users/joaom/Documents/Cursos/Programação de sistemas embarcados/pse-codes/projeto5/Drivers/STM32F1xx_HAL_Driver/Inc" -I"E:/Users/joaom/Documents/Cursos/Programação de sistemas embarcados/pse-codes/projeto5/Drivers/STM32F1xx_HAL_Driver/Inc/Legacy" -I"E:/Users/joaom/Documents/Cursos/Programação de sistemas embarcados/pse-codes/projeto5/Drivers/CMSIS/Device/ST/STM32F1xx/Include" -I"E:/Users/joaom/Documents/Cursos/Programação de sistemas embarcados/pse-codes/projeto5/Drivers/CMSIS/Include"  -Og -g3 -Wall -fmessage-length=0 -ffunction-sections -c -fmessage-length=0 -MMD -MP -MF"Drivers/STM32F1xx_HAL_Driver/Src/stm32f1xx_hal_gpio.d" -MT"Drivers/STM32F1xx_HAL_Driver/Src/stm32f1xx_hal_gpio.o" -o "Drivers/STM32F1xx_HAL_Driver/Src/stm32f1xx_hal_gpio.o" "../Drivers/STM32F1xx_HAL_Driver/Src/stm32f1xx_hal_gpio.c"
arm-none-eabi-gcc -mcpu=cortex-m3 -mthumb -mfloat-abi=soft -DUSE_HAL_DRIVER -DSTM32F103xB -I"E:/Users/joaom/Documents/Cursos/Programação de sistemas embarcados/pse-codes/projeto5/Core/Inc" -I"E:/Users/joaom/Documents/Cursos/Programação de sistemas embarcados/pse-codes/projeto5/Drivers/STM32F1xx_HAL_Driver/Inc" -I"E:/Users/joaom/Documents/Cursos/Programação de sistemas embarcados/pse-codes/projeto5/Drivers/STM32F1xx_HAL_Driver/Inc/Legacy" -I"E:/Users/joaom/Documents/Cursos/Programação de sistemas embarcados/pse-codes/projeto5/Drivers/CMSIS/Device/ST/STM32F1xx/Include" -I"E:/Users/joaom/Documents/Cursos/Programação de sistemas embarcados/pse-codes/projeto5/Drivers/CMSIS/Include"  -Og -g3 -Wall -fmessage-length=0 -ffunction-sections -c -fmessage-length=0 -MMD -MP -MF"Drivers/STM32F1xx_HAL_Driver/Src/stm32f1xx_hal_gpio_ex.d" -MT"Drivers/STM32F1xx_HAL_Driver/Src/stm32f1xx_hal_gpio_ex.o" -o "Drivers/STM32F1xx_HAL_Driver/Src/stm32f1xx_hal_gpio_ex.o" "../Drivers/STM32F1xx_HAL_Driver/Src/stm32f1xx_hal_gpio_ex.c"
Finished building: ../Drivers/STM32F1xx_HAL_Driver/Src/stm32f1xx_hal_gpio_ex.c
 
Finished building: ../Drivers/STM32F1xx_HAL_Driver/Src/stm32f1xx_hal.c
Finished building: ../Drivers/STM32F1xx_HAL_Driver/Src/stm32f1xx_hal_exti.c
Finished building: ../Drivers/STM32F1xx_HAL_Driver/Src/stm32f1xx_hal_cortex.c
 
 
Finished building: ../Drivers/STM32F1xx_HAL_Driver/Src/stm32f1xx_hal_flash.c
Building file: ../Drivers/STM32F1xx_HAL_Driver/Src/stm32f1xx_hal_pwr.c
Finished building: ../Drivers/STM32F1xx_HAL_Driver/Src/stm32f1xx_hal_flash_ex.c
 
Building file: ../Drivers/STM32F1xx_HAL_Driver/Src/stm32f1xx_hal_rcc.c
Building file: ../Drivers/STM32F1xx_HAL_Driver/Src/stm32f1xx_hal_rcc_ex.c
Finished building: ../Drivers/STM32F1xx_HAL_Driver/Src/stm32f1xx_hal_dma.c
 
 
Invoking: MCU GCC Compiler
Invoking: MCU GCC Compiler
 
Invoking: MCU GCC Compiler
Finished building: ../Drivers/STM32F1xx_HAL_Driver/Src/stm32f1xx_hal_gpio.c
Building file: ../Drivers/STM32F1xx_HAL_Driver/Src/stm32f1xx_hal_tim.c
Building file: ../Drivers/STM32F1xx_HAL_Driver/Src/stm32f1xx_hal_tim_ex.c
E:\Users\joaom\Documents\Cursos\Programação de sistemas embarcados\pse-codes\projeto5\Debug
E:\Users\joaom\Documents\Cursos\Programação de sistemas embarcados\pse-codes\projeto5\Debug
E:\Users\joaom\Documents\Cursos\Programação de sistemas embarcados\pse-codes\projeto5\Debug
 
arm-none-eabi-gcc -mcpu=cortex-m3 -mthumb -mfloat-abi=soft -DUSE_HAL_DRIVER -DSTM32F103xB -I"E:/Users/joaom/Documents/Cursos/Programação de sistemas embarcados/pse-codes/projeto5/Core/Inc" -I"E:/Users/joaom/Documents/Cursos/Programação de sistemas embarcados/pse-codes/projeto5/Drivers/STM32F1xx_HAL_Driver/Inc" -I"E:/Users/joaom/Documents/Cursos/Programação de sistemas embarcados/pse-codes/projeto5/Drivers/STM32F1xx_HAL_Driver/Inc/Legacy" -I"E:/Users/joaom/Documents/Cursos/Programação de sistemas embarcados/pse-codes/projeto5/Drivers/CMSIS/Device/ST/STM32F1xx/Include" -I"E:/Users/joaom/Documents/Cursos/Programação de sistemas embarcados/pse-codes/projeto5/Drivers/CMSIS/Include"  -Og -g3 -Wall -fmessage-length=0 -ffunction-sections -c -fmessage-length=0 -MMD -MP -MF"Drivers/STM32F1xx_HAL_Driver/Src/stm32f1xx_hal_rcc.d" -MT"Drivers/STM32F1xx_HAL_Driver/Src/stm32f1xx_hal_rcc.o" -o "Drivers/STM32F1xx_HAL_Driver/Src/stm32f1xx_hal_rcc.o" "../Drivers/STM32F1xx_HAL_Driver/Src/stm32f1xx_hal_rcc.c"
Building file: ../Core/Src/main.c
Invoking: MCU GCC Compiler
Building file: ../Core/Src/stm32f1xx_hal_msp.c
arm-none-eabi-gcc -mcpu=cortex-m3 -mthumb -mfloat-abi=soft -DUSE_HAL_DRIVER -DSTM32F103xB -I"E:/Users/joaom/Documents/Cursos/Programação de sistemas embarcados/pse-codes/projeto5/Core/Inc" -I"E:/Users/joaom/Documents/Cursos/Programação de sistemas embarcados/pse-codes/projeto5/Drivers/STM32F1xx_HAL_Driver/Inc" -I"E:/Users/joaom/Documents/Cursos/Programação de sistemas embarcados/pse-codes/projeto5/Drivers/STM32F1xx_HAL_Driver/Inc/Legacy" -I"E:/Users/joaom/Documents/Cursos/Programação de sistemas embarcados/pse-codes/projeto5/Drivers/CMSIS/Device/ST/STM32F1xx/Include" -I"E:/Users/joaom/Documents/Cursos/Programação de sistemas embarcados/pse-codes/projeto5/Drivers/CMSIS/Include"  -Og -g3 -Wall -fmessage-length=0 -ffunction-sections -c -fmessage-length=0 -MMD -MP -MF"Drivers/STM32F1xx_HAL_Driver/Src/stm32f1xx_hal_pwr.d" -MT"Drivers/STM32F1xx_HAL_Driver/Src/stm32f1xx_hal_pwr.o" -o "Drivers/STM32F1xx_HAL_Driver/Src/stm32f1xx_hal_pwr.o" "../Drivers/STM32F1xx_HAL_Driver/Src/stm32f1xx_hal_pwr.c"
arm-none-eabi-gcc -mcpu=cortex-m3 -mthumb -mfloat-abi=soft -DUSE_HAL_DRIVER -DSTM32F103xB -I"E:/Users/joaom/Documents/Cursos/Programação de sistemas embarcados/pse-codes/projeto5/Core/Inc" -I"E:/Users/joaom/Documents/Cursos/Programação de sistemas embarcados/pse-codes/projeto5/Drivers/STM32F1xx_HAL_Driver/Inc" -I"E:/Users/joaom/Documents/Cursos/Programação de sistemas embarcados/pse-codes/projeto5/Drivers/STM32F1xx_HAL_Driver/Inc/Legacy" -I"E:/Users/joaom/Documents/Cursos/Programação de sistemas embarcados/pse-codes/projeto5/Drivers/CMSIS/Device/ST/STM32F1xx/Include" -I"E:/Users/joaom/Documents/Cursos/Programação de sistemas embarcados/pse-codes/projeto5/Drivers/CMSIS/Include"  -Og -g3 -Wall -fmessage-length=0 -ffunction-sections -c -fmessage-length=0 -MMD -MP -MF"Drivers/STM32F1xx_HAL_Driver/Src/stm32f1xx_hal_rcc_ex.d" -MT"Drivers/STM32F1xx_HAL_Driver/Src/stm32f1xx_hal_rcc_ex.o" -o "Drivers/STM32F1xx_HAL_Driver/Src/stm32f1xx_hal_rcc_ex.o" "../Drivers/STM32F1xx_HAL_Driver/Src/stm32f1xx_hal_rcc_ex.c"
Invoking: MCU GCC Compiler
E:\Users\joaom\Documents\Cursos\Programação de sistemas embarcados\pse-codes\projeto5\Debug
Invoking: MCU GCC Compiler
Invoking: MCU GCC Compiler
Building file: ../Core/Src/stm32f1xx_it.c
arm-none-eabi-gcc -mcpu=cortex-m3 -mthumb -mfloat-abi=soft -DUSE_HAL_DRIVER -DSTM32F103xB -I"E:/Users/joaom/Documents/Cursos/Programação de sistemas embarcados/pse-codes/projeto5/Core/Inc" -I"E:/Users/joaom/Documents/Cursos/Programação de sistemas embarcados/pse-codes/projeto5/Drivers/STM32F1xx_HAL_Driver/Inc" -I"E:/Users/joaom/Documents/Cursos/Programação de sistemas embarcados/pse-codes/projeto5/Drivers/STM32F1xx_HAL_Driver/Inc/Legacy" -I"E:/Users/joaom/Documents/Cursos/Programação de sistemas embarcados/pse-codes/projeto5/Drivers/CMSIS/Device/ST/STM32F1xx/Include" -I"E:/Users/joaom/Documents/Cursos/Programação de sistemas embarcados/pse-codes/projeto5/Drivers/CMSIS/Include"  -Og -g3 -Wall -fmessage-length=0 -ffunction-sections -c -fmessage-length=0 -MMD -MP -MF"Drivers/STM32F1xx_HAL_Driver/Src/stm32f1xx_hal_tim_ex.d" -MT"Drivers/STM32F1xx_HAL_Driver/Src/stm32f1xx_hal_tim_ex.o" -o "Drivers/STM32F1xx_HAL_Driver/Src/stm32f1xx_hal_tim_ex.o" "../Drivers/STM32F1xx_HAL_Driver/Src/stm32f1xx_hal_tim_ex.c"
E:\Users\joaom\Documents\Cursos\Programação de sistemas embarcados\pse-codes\projeto5\Debug
E:\Users\joaom\Documents\Cursos\Programação de sistemas embarcados\pse-codes\projeto5\Debug
arm-none-eabi-gcc -mcpu=cortex-m3 -mthumb -mfloat-abi=soft -DUSE_HAL_DRIVER -DSTM32F103xB -I"E:/Users/joaom/Documents/Cursos/Programação de sistemas embarcados/pse-codes/projeto5/Core/Inc" -I"E:/Users/joaom/Documents/Cursos/Programação de sistemas embarcados/pse-codes/projeto5/Drivers/STM32F1xx_HAL_Driver/Inc" -I"E:/Users/joaom/Documents/Cursos/Programação de sistemas embarcados/pse-codes/projeto5/Drivers/STM32F1xx_HAL_Driver/Inc/Legacy" -I"E:/Users/joaom/Documents/Cursos/Programação de sistemas embarcados/pse-codes/projeto5/Drivers/CMSIS/Device/ST/STM32F1xx/Include" -I"E:/Users/joaom/Documents/Cursos/Programação de sistemas embarcados/pse-codes/projeto5/Drivers/CMSIS/Include"  -Og -g3 -Wall -fmessage-length=0 -ffunction-sections -c -fmessage-length=0 -MMD -MP -MF"Drivers/STM32F1xx_HAL_Driver/Src/stm32f1xx_hal_tim.d" -MT"Drivers/STM32F1xx_HAL_Driver/Src/stm32f1xx_hal_tim.o" -o "Drivers/STM32F1xx_HAL_Driver/Src/stm32f1xx_hal_tim.o" "../Drivers/STM32F1xx_HAL_Driver/Src/stm32f1xx_hal_tim.c"
Invoking: MCU GCC Compiler
arm-none-eabi-gcc -mcpu=cortex-m3 -mthumb -mfloat-abi=soft -DUSE_HAL_DRIVER -DSTM32F103xB -I"E:/Users/joaom/Documents/Cursos/Programação de sistemas embarcados/pse-codes/projeto5/Core/Inc" -I"E:/Users/joaom/Documents/Cursos/Programação de sistemas embarcados/pse-codes/projeto5/Drivers/STM32F1xx_HAL_Driver/Inc" -I"E:/Users/joaom/Documents/Cursos/Programação de sistemas embarcados/pse-codes/projeto5/Drivers/STM32F1xx_HAL_Driver/Inc/Legacy" -I"E:/Users/joaom/Documents/Cursos/Programação de sistemas embarcados/pse-codes/projeto5/Drivers/CMSIS/Device/ST/STM32F1xx/Include" -I"E:/Users/joaom/Documents/Cursos/Programação de sistemas embarcados/pse-codes/projeto5/Drivers/CMSIS/Include"  -Og -g3 -Wall -fmessage-length=0 -ffunction-sections -c -fmessage-length=0 -MMD -MP -MF"Core/Src/main.d" -MT"Core/Src/main.o" -o "Core/Src/main.o" "../Core/Src/main.c"
E:\Users\joaom\Documents\Cursos\Programação de sistemas embarcados\pse-codes\projeto5\Debug
arm-none-eabi-gcc -mcpu=cortex-m3 -mthumb -mfloat-abi=soft -DUSE_HAL_DRIVER -DSTM32F103xB -I"E:/Users/joaom/Documents/Cursos/Programação de sistemas embarcados/pse-codes/projeto5/Core/Inc" -I"E:/Users/joaom/Documents/Cursos/Programação de sistemas embarcados/pse-codes/projeto5/Drivers/STM32F1xx_HAL_Driver/Inc" -I"E:/Users/joaom/Documents/Cursos/Programação de sistemas embarcados/pse-codes/projeto5/Drivers/STM32F1xx_HAL_Driver/Inc/Legacy" -I"E:/Users/joaom/Documents/Cursos/Programação de sistemas embarcados/pse-codes/projeto5/Drivers/CMSIS/Device/ST/STM32F1xx/Include" -I"E:/Users/joaom/Documents/Cursos/Programação de sistemas embarcados/pse-codes/projeto5/Drivers/CMSIS/Include"  -Og -g3 -Wall -fmessage-length=0 -ffunction-sections -c -fmessage-length=0 -MMD -MP -MF"Core/Src/stm32f1xx_hal_msp.d" -MT"Core/Src/stm32f1xx_hal_msp.o" -o "Core/Src/stm32f1xx_hal_msp.o" "../Core/Src/stm32f1xx_hal_msp.c"
E:\Users\joaom\Documents\Cursos\Programação de sistemas embarcados\pse-codes\projeto5\Debug
arm-none-eabi-gcc -mcpu=cortex-m3 -mthumb -mfloat-abi=soft -DUSE_HAL_DRIVER -DSTM32F103xB -I"E:/Users/joaom/Documents/Cursos/Programação de sistemas embarcados/pse-codes/projeto5/Core/Inc" -I"E:/Users/joaom/Documents/Cursos/Programação de sistemas embarcados/pse-codes/projeto5/Drivers/STM32F1xx_HAL_Driver/Inc" -I"E:/Users/joaom/Documents/Cursos/Programação de sistemas embarcados/pse-codes/projeto5/Drivers/STM32F1xx_HAL_Driver/Inc/Legacy" -I"E:/Users/joaom/Documents/Cursos/Programação de sistemas embarcados/pse-codes/projeto5/Drivers/CMSIS/Device/ST/STM32F1xx/Include" -I"E:/Users/joaom/Documents/Cursos/Programação de sistemas embarcados/pse-codes/projeto5/Drivers/CMSIS/Include"  -Og -g3 -Wall -fmessage-length=0 -ffunction-sections -c -fmessage-length=0 -MMD -MP -MF"Core/Src/stm32f1xx_it.d" -MT"Core/Src/stm32f1xx_it.o" -o "Core/Src/stm32f1xx_it.o" "../Core/Src/stm32f1xx_it.c"
Finished building: ../Drivers/STM32F1xx_HAL_Driver/Src/stm32f1xx_hal_pwr.c
Finished building: ../Drivers/STM32F1xx_HAL_Driver/Src/stm32f1xx_hal_rcc_ex.c
 
 
Building file: ../Core/Src/system_stm32f1xx.c
Invoking: MCU GCC Compiler
E:\Users\joaom\Documents\Cursos\Programação de sistemas embarcados\pse-codes\projeto5\Debug
arm-none-eabi-gcc -mcpu=cortex-m3 -mthumb -mfloat-abi=soft -DUSE_HAL_DRIVER -DSTM32F103xB -I"E:/Users/joaom/Documents/Cursos/Programação de sistemas embarcados/pse-codes/projeto5/Core/Inc" -I"E:/Users/joaom/Documents/Cursos/Programação de sistemas embarcados/pse-codes/projeto5/Drivers/STM32F1xx_HAL_Driver/Inc" -I"E:/Users/joaom/Documents/Cursos/Programação de sistemas embarcados/pse-codes/projeto5/Drivers/STM32F1xx_HAL_Driver/Inc/Legacy" -I"E:/Users/joaom/Documents/Cursos/Programação de sistemas embarcados/pse-codes/projeto5/Drivers/CMSIS/Device/ST/STM32F1xx/Include" -I"E:/Users/joaom/Documents/Cursos/Programação de sistemas embarcados/pse-codes/projeto5/Drivers/CMSIS/Include"  -Og -g3 -Wall -fmessage-length=0 -ffunction-sections -c -fmessage-length=0 -MMD -MP -MF"Core/Src/system_stm32f1xx.d" -MT"Core/Src/system_stm32f1xx.o" -o "Core/Src/system_stm32f1xx.o" "../Core/Src/system_stm32f1xx.c"
Finished building: ../Drivers/STM32F1xx_HAL_Driver/Src/stm32f1xx_hal_rcc.c
Finished building: ../Core/Src/stm32f1xx_it.c
 
 
Finished building: ../Core/Src/main.c
Finished building: ../Core/Src/stm32f1xx_hal_msp.c
 
 
Finished building: ../Drivers/STM32F1xx_HAL_Driver/Src/stm32f1xx_hal_tim_ex.c
 
Finished building: ../Core/Src/system_stm32f1xx.c
 
Finished building: ../Drivers/STM32F1xx_HAL_Driver/Src/stm32f1xx_hal_tim.c
 
Building target: projeto5.elf
Invoking: MCU GCC Linker
arm-none-eabi-gcc -mcpu=cortex-m3 -mthumb -mfloat-abi=soft -specs=nosys.specs -specs=nano.specs -T"../STM32F103C8Tx_FLASH.ld" -Wl,-Map=output.map -Wl,--gc-sections -o "projeto5.elf" @"objects.list"   -lm
Finished building target: projeto5.elf
 
make --no-print-directory post-build
Generating hex and Printing size information:
arm-none-eabi-objcopy -O ihex "projeto5.elf" "projeto5.hex"
arm-none-eabi-size "projeto5.elf"
   text	   data	    bss	    dec	    hex	filename
   5008	     20	   1788	   6816	   1aa0	projeto5.elf
 
12:05:39 **** Incremental Build of configuration Debug for project projeto5 ****
make -j8 all 
make: Nothing to be done for 'all'.
12:05:51 **** Incremental Build of configuration Debug for project projeto5 ****
make -j8 all 
make: Nothing to be done for 'all'.
12:22:35 **** Incremental Build of configuration Debug for project projeto5 ****
make -j8 all 
make: Nothing to be done for 'all'.
12:22:54 **** Incremental Build of configuration Debug for project projeto5 ****
make -j8 all 
make: Nothing to be done for 'all'.
12:23:16 **** Incremental Build of configuration Debug for project projeto5 ****
make -j8 all 
make: Nothing to be done for 'all'.
12:24:20 **** Incremental Build of configuration Debug for project projeto5 ****
make -j8 all 
make: Nothing to be done for 'all'.
12:25:34 **** Incremental Build of configuration Debug for project projeto5 ****
make -j8 all 
Building file: ../Drivers/STM32F1xx_HAL_Driver/Src/stm32f1xx_hal.c
Building file: ../Drivers/STM32F1xx_HAL_Driver/Src/stm32f1xx_hal_cortex.c
Building file: ../Drivers/STM32F1xx_HAL_Driver/Src/stm32f1xx_hal_dma.c
Building file: ../Drivers/STM32F1xx_HAL_Driver/Src/stm32f1xx_hal_exti.c
Building file: ../Drivers/STM32F1xx_HAL_Driver/Src/stm32f1xx_hal_flash.c
Invoking: MCU GCC Compiler
Invoking: MCU GCC Compiler
Invoking: MCU GCC Compiler
Building file: ../Drivers/STM32F1xx_HAL_Driver/Src/stm32f1xx_hal_flash_ex.c
Invoking: MCU GCC Compiler
Building file: ../Drivers/STM32F1xx_HAL_Driver/Src/stm32f1xx_hal_gpio.c
Invoking: MCU GCC Compiler
E:\Users\joaom\Documents\Cursos\Programação de sistemas embarcados\pse-codes\projeto5\Debug
E:\Users\joaom\Documents\Cursos\Programação de sistemas embarcados\pse-codes\projeto5\Debug
Invoking: MCU GCC Compiler
E:\Users\joaom\Documents\Cursos\Programação de sistemas embarcados\pse-codes\projeto5\Debug
arm-none-eabi-gcc -mcpu=cortex-m3 -mthumb -mfloat-abi=soft -DUSE_HAL_DRIVER -DSTM32F103xB -I"E:/Users/joaom/Documents/Cursos/Programação de sistemas embarcados/pse-codes/projeto5/Core/Inc" -I"E:/Users/joaom/Documents/Cursos/Programação de sistemas embarcados/pse-codes/projeto5/Drivers/STM32F1xx_HAL_Driver/Inc" -I"E:/Users/joaom/Documents/Cursos/Programação de sistemas embarcados/pse-codes/projeto5/Drivers/STM32F1xx_HAL_Driver/Inc/Legacy" -I"E:/Users/joaom/Documents/Cursos/Programação de sistemas embarcados/pse-codes/projeto5/Drivers/CMSIS/Device/ST/STM32F1xx/Include" -I"E:/Users/joaom/Documents/Cursos/Programação de sistemas embarcados/pse-codes/projeto5/Drivers/CMSIS/Include"  -Og -g3 -Wall -fmessage-length=0 -ffunction-sections -c -fmessage-length=0 -MMD -MP -MF"Drivers/STM32F1xx_HAL_Driver/Src/stm32f1xx_hal.d" -MT"Drivers/STM32F1xx_HAL_Driver/Src/stm32f1xx_hal.o" -o "Drivers/STM32F1xx_HAL_Driver/Src/stm32f1xx_hal.o" "../Drivers/STM32F1xx_HAL_Driver/Src/stm32f1xx_hal.c"
Building file: ../Drivers/STM32F1xx_HAL_Driver/Src/stm32f1xx_hal_gpio_ex.c
arm-none-eabi-gcc -mcpu=cortex-m3 -mthumb -mfloat-abi=soft -DUSE_HAL_DRIVER -DSTM32F103xB -I"E:/Users/joaom/Documents/Cursos/Programação de sistemas embarcados/pse-codes/projeto5/Core/Inc" -I"E:/Users/joaom/Documents/Cursos/Programação de sistemas embarcados/pse-codes/projeto5/Drivers/STM32F1xx_HAL_Driver/Inc" -I"E:/Users/joaom/Documents/Cursos/Programação de sistemas embarcados/pse-codes/projeto5/Drivers/STM32F1xx_HAL_Driver/Inc/Legacy" -I"E:/Users/joaom/Documents/Cursos/Programação de sistemas embarcados/pse-codes/projeto5/Drivers/CMSIS/Device/ST/STM32F1xx/Include" -I"E:/Users/joaom/Documents/Cursos/Programação de sistemas embarcados/pse-codes/projeto5/Drivers/CMSIS/Include"  -Og -g3 -Wall -fmessage-length=0 -ffunction-sections -c -fmessage-length=0 -MMD -MP -MF"Drivers/STM32F1xx_HAL_Driver/Src/stm32f1xx_hal_cortex.d" -MT"Drivers/STM32F1xx_HAL_Driver/Src/stm32f1xx_hal_cortex.o" -o "Drivers/STM32F1xx_HAL_Driver/Src/stm32f1xx_hal_cortex.o" "../Drivers/STM32F1xx_HAL_Driver/Src/stm32f1xx_hal_cortex.c"
Invoking: MCU GCC Compiler
E:\Users\joaom\Documents\Cursos\Programação de sistemas embarcados\pse-codes\projeto5\Debug
arm-none-eabi-gcc -mcpu=cortex-m3 -mthumb -mfloat-abi=soft -DUSE_HAL_DRIVER -DSTM32F103xB -I"E:/Users/joaom/Documents/Cursos/Programação de sistemas embarcados/pse-codes/projeto5/Core/Inc" -I"E:/Users/joaom/Documents/Cursos/Programação de sistemas embarcados/pse-codes/projeto5/Drivers/STM32F1xx_HAL_Driver/Inc" -I"E:/Users/joaom/Documents/Cursos/Programação de sistemas embarcados/pse-codes/projeto5/Drivers/STM32F1xx_HAL_Driver/Inc/Legacy" -I"E:/Users/joaom/Documents/Cursos/Programação de sistemas embarcados/pse-codes/projeto5/Drivers/CMSIS/Device/ST/STM32F1xx/Include" -I"E:/Users/joaom/Documents/Cursos/Programação de sistemas embarcados/pse-codes/projeto5/Drivers/CMSIS/Include"  -Og -g3 -Wall -fmessage-length=0 -ffunction-sections -c -fmessage-length=0 -MMD -MP -MF"Drivers/STM32F1xx_HAL_Driver/Src/stm32f1xx_hal_dma.d" -MT"Drivers/STM32F1xx_HAL_Driver/Src/stm32f1xx_hal_dma.o" -o "Drivers/STM32F1xx_HAL_Driver/Src/stm32f1xx_hal_dma.o" "../Drivers/STM32F1xx_HAL_Driver/Src/stm32f1xx_hal_dma.c"
E:\Users\joaom\Documents\Cursos\Programação de sistemas embarcados\pse-codes\projeto5\Debug
E:\Users\joaom\Documents\Cursos\Programação de sistemas embarcados\pse-codes\projeto5\Debug
arm-none-eabi-gcc -mcpu=cortex-m3 -mthumb -mfloat-abi=soft -DUSE_HAL_DRIVER -DSTM32F103xB -I"E:/Users/joaom/Documents/Cursos/Programação de sistemas embarcados/pse-codes/projeto5/Core/Inc" -I"E:/Users/joaom/Documents/Cursos/Programação de sistemas embarcados/pse-codes/projeto5/Drivers/STM32F1xx_HAL_Driver/Inc" -I"E:/Users/joaom/Documents/Cursos/Programação de sistemas embarcados/pse-codes/projeto5/Drivers/STM32F1xx_HAL_Driver/Inc/Legacy" -I"E:/Users/joaom/Documents/Cursos/Programação de sistemas embarcados/pse-codes/projeto5/Drivers/CMSIS/Device/ST/STM32F1xx/Include" -I"E:/Users/joaom/Documents/Cursos/Programação de sistemas embarcados/pse-codes/projeto5/Drivers/CMSIS/Include"  -Og -g3 -Wall -fmessage-length=0 -ffunction-sections -c -fmessage-length=0 -MMD -MP -MF"Drivers/STM32F1xx_HAL_Driver/Src/stm32f1xx_hal_exti.d" -MT"Drivers/STM32F1xx_HAL_Driver/Src/stm32f1xx_hal_exti.o" -o "Drivers/STM32F1xx_HAL_Driver/Src/stm32f1xx_hal_exti.o" "../Drivers/STM32F1xx_HAL_Driver/Src/stm32f1xx_hal_exti.c"
Invoking: MCU GCC Compiler
arm-none-eabi-gcc -mcpu=cortex-m3 -mthumb -mfloat-abi=soft -DUSE_HAL_DRIVER -DSTM32F103xB -I"E:/Users/joaom/Documents/Cursos/Programação de sistemas embarcados/pse-codes/projeto5/Core/Inc" -I"E:/Users/joaom/Documents/Cursos/Programação de sistemas embarcados/pse-codes/projeto5/Drivers/STM32F1xx_HAL_Driver/Inc" -I"E:/Users/joaom/Documents/Cursos/Programação de sistemas embarcados/pse-codes/projeto5/Drivers/STM32F1xx_HAL_Driver/Inc/Legacy" -I"E:/Users/joaom/Documents/Cursos/Programação de sistemas embarcados/pse-codes/projeto5/Drivers/CMSIS/Device/ST/STM32F1xx/Include" -I"E:/Users/joaom/Documents/Cursos/Programação de sistemas embarcados/pse-codes/projeto5/Drivers/CMSIS/Include"  -Og -g3 -Wall -fmessage-length=0 -ffunction-sections -c -fmessage-length=0 -MMD -MP -MF"Drivers/STM32F1xx_HAL_Driver/Src/stm32f1xx_hal_flash.d" -MT"Drivers/STM32F1xx_HAL_Driver/Src/stm32f1xx_hal_flash.o" -o "Drivers/STM32F1xx_HAL_Driver/Src/stm32f1xx_hal_flash.o" "../Drivers/STM32F1xx_HAL_Driver/Src/stm32f1xx_hal_flash.c"
arm-none-eabi-gcc -mcpu=cortex-m3 -mthumb -mfloat-abi=soft -DUSE_HAL_DRIVER -DSTM32F103xB -I"E:/Users/joaom/Documents/Cursos/Programação de sistemas embarcados/pse-codes/projeto5/Core/Inc" -I"E:/Users/joaom/Documents/Cursos/Programação de sistemas embarcados/pse-codes/projeto5/Drivers/STM32F1xx_HAL_Driver/Inc" -I"E:/Users/joaom/Documents/Cursos/Programação de sistemas embarcados/pse-codes/projeto5/Drivers/STM32F1xx_HAL_Driver/Inc/Legacy" -I"E:/Users/joaom/Documents/Cursos/Programação de sistemas embarcados/pse-codes/projeto5/Drivers/CMSIS/Device/ST/STM32F1xx/Include" -I"E:/Users/joaom/Documents/Cursos/Programação de sistemas embarcados/pse-codes/projeto5/Drivers/CMSIS/Include"  -Og -g3 -Wall -fmessage-length=0 -ffunction-sections -c -fmessage-length=0 -MMD -MP -MF"Drivers/STM32F1xx_HAL_Driver/Src/stm32f1xx_hal_flash_ex.d" -MT"Drivers/STM32F1xx_HAL_Driver/Src/stm32f1xx_hal_flash_ex.o" -o "Drivers/STM32F1xx_HAL_Driver/Src/stm32f1xx_hal_flash_ex.o" "../Drivers/STM32F1xx_HAL_Driver/Src/stm32f1xx_hal_flash_ex.c"
E:\Users\joaom\Documents\Cursos\Programação de sistemas embarcados\pse-codes\projeto5\Debug
E:\Users\joaom\Documents\Cursos\Programação de sistemas embarcados\pse-codes\projeto5\Debug
arm-none-eabi-gcc -mcpu=cortex-m3 -mthumb -mfloat-abi=soft -DUSE_HAL_DRIVER -DSTM32F103xB -I"E:/Users/joaom/Documents/Cursos/Programação de sistemas embarcados/pse-codes/projeto5/Core/Inc" -I"E:/Users/joaom/Documents/Cursos/Programação de sistemas embarcados/pse-codes/projeto5/Drivers/STM32F1xx_HAL_Driver/Inc" -I"E:/Users/joaom/Documents/Cursos/Programação de sistemas embarcados/pse-codes/projeto5/Drivers/STM32F1xx_HAL_Driver/Inc/Legacy" -I"E:/Users/joaom/Documents/Cursos/Programação de sistemas embarcados/pse-codes/projeto5/Drivers/CMSIS/Device/ST/STM32F1xx/Include" -I"E:/Users/joaom/Documents/Cursos/Programação de sistemas embarcados/pse-codes/projeto5/Drivers/CMSIS/Include"  -Og -g3 -Wall -fmessage-length=0 -ffunction-sections -c -fmessage-length=0 -MMD -MP -MF"Drivers/STM32F1xx_HAL_Driver/Src/stm32f1xx_hal_gpio.d" -MT"Drivers/STM32F1xx_HAL_Driver/Src/stm32f1xx_hal_gpio.o" -o "Drivers/STM32F1xx_HAL_Driver/Src/stm32f1xx_hal_gpio.o" "../Drivers/STM32F1xx_HAL_Driver/Src/stm32f1xx_hal_gpio.c"
arm-none-eabi-gcc -mcpu=cortex-m3 -mthumb -mfloat-abi=soft -DUSE_HAL_DRIVER -DSTM32F103xB -I"E:/Users/joaom/Documents/Cursos/Programação de sistemas embarcados/pse-codes/projeto5/Core/Inc" -I"E:/Users/joaom/Documents/Cursos/Programação de sistemas embarcados/pse-codes/projeto5/Drivers/STM32F1xx_HAL_Driver/Inc" -I"E:/Users/joaom/Documents/Cursos/Programação de sistemas embarcados/pse-codes/projeto5/Drivers/STM32F1xx_HAL_Driver/Inc/Legacy" -I"E:/Users/joaom/Documents/Cursos/Programação de sistemas embarcados/pse-codes/projeto5/Drivers/CMSIS/Device/ST/STM32F1xx/Include" -I"E:/Users/joaom/Documents/Cursos/Programação de sistemas embarcados/pse-codes/projeto5/Drivers/CMSIS/Include"  -Og -g3 -Wall -fmessage-length=0 -ffunction-sections -c -fmessage-length=0 -MMD -MP -MF"Drivers/STM32F1xx_HAL_Driver/Src/stm32f1xx_hal_gpio_ex.d" -MT"Drivers/STM32F1xx_HAL_Driver/Src/stm32f1xx_hal_gpio_ex.o" -o "Drivers/STM32F1xx_HAL_Driver/Src/stm32f1xx_hal_gpio_ex.o" "../Drivers/STM32F1xx_HAL_Driver/Src/stm32f1xx_hal_gpio_ex.c"
Finished building: ../Drivers/STM32F1xx_HAL_Driver/Src/stm32f1xx_hal_gpio_ex.c
 
Finished building: ../Drivers/STM32F1xx_HAL_Driver/Src/stm32f1xx_hal.c
Finished building: ../Drivers/STM32F1xx_HAL_Driver/Src/stm32f1xx_hal_exti.c
Building file: ../Drivers/STM32F1xx_HAL_Driver/Src/stm32f1xx_hal_pwr.c
Finished building: ../Drivers/STM32F1xx_HAL_Driver/Src/stm32f1xx_hal_cortex.c
 
 
Finished building: ../Drivers/STM32F1xx_HAL_Driver/Src/stm32f1xx_hal_flash.c
Invoking: MCU GCC Compiler
 
Building file: ../Drivers/STM32F1xx_HAL_Driver/Src/stm32f1xx_hal_rcc.c
Finished building: ../Drivers/STM32F1xx_HAL_Driver/Src/stm32f1xx_hal_dma.c
Finished building: ../Drivers/STM32F1xx_HAL_Driver/Src/stm32f1xx_hal_flash_ex.c
 
Building file: ../Drivers/STM32F1xx_HAL_Driver/Src/stm32f1xx_hal_rcc_ex.c
E:\Users\joaom\Documents\Cursos\Programação de sistemas embarcados\pse-codes\projeto5\Debug
Building file: ../Drivers/STM32F1xx_HAL_Driver/Src/stm32f1xx_hal_tim.c
arm-none-eabi-gcc -mcpu=cortex-m3 -mthumb -mfloat-abi=soft -DUSE_HAL_DRIVER -DSTM32F103xB -I"E:/Users/joaom/Documents/Cursos/Programação de sistemas embarcados/pse-codes/projeto5/Core/Inc" -I"E:/Users/joaom/Documents/Cursos/Programação de sistemas embarcados/pse-codes/projeto5/Drivers/STM32F1xx_HAL_Driver/Inc" -I"E:/Users/joaom/Documents/Cursos/Programação de sistemas embarcados/pse-codes/projeto5/Drivers/STM32F1xx_HAL_Driver/Inc/Legacy" -I"E:/Users/joaom/Documents/Cursos/Programação de sistemas embarcados/pse-codes/projeto5/Drivers/CMSIS/Device/ST/STM32F1xx/Include" -I"E:/Users/joaom/Documents/Cursos/Programação de sistemas embarcados/pse-codes/projeto5/Drivers/CMSIS/Include"  -Og -g3 -Wall -fmessage-length=0 -ffunction-sections -c -fmessage-length=0 -MMD -MP -MF"Drivers/STM32F1xx_HAL_Driver/Src/stm32f1xx_hal_pwr.d" -MT"Drivers/STM32F1xx_HAL_Driver/Src/stm32f1xx_hal_pwr.o" -o "Drivers/STM32F1xx_HAL_Driver/Src/stm32f1xx_hal_pwr.o" "../Drivers/STM32F1xx_HAL_Driver/Src/stm32f1xx_hal_pwr.c"
Invoking: MCU GCC Compiler
Finished building: ../Drivers/STM32F1xx_HAL_Driver/Src/stm32f1xx_hal_gpio.c
 
 
Invoking: MCU GCC Compiler
Invoking: MCU GCC Compiler
Building file: ../Drivers/STM32F1xx_HAL_Driver/Src/stm32f1xx_hal_tim_ex.c
E:\Users\joaom\Documents\Cursos\Programação de sistemas embarcados\pse-codes\projeto5\Debug
 
Building file: ../Core/Src/main.c
arm-none-eabi-gcc -mcpu=cortex-m3 -mthumb -mfloat-abi=soft -DUSE_HAL_DRIVER -DSTM32F103xB -I"E:/Users/joaom/Documents/Cursos/Programação de sistemas embarcados/pse-codes/projeto5/Core/Inc" -I"E:/Users/joaom/Documents/Cursos/Programação de sistemas embarcados/pse-codes/projeto5/Drivers/STM32F1xx_HAL_Driver/Inc" -I"E:/Users/joaom/Documents/Cursos/Programação de sistemas embarcados/pse-codes/projeto5/Drivers/STM32F1xx_HAL_Driver/Inc/Legacy" -I"E:/Users/joaom/Documents/Cursos/Programação de sistemas embarcados/pse-codes/projeto5/Drivers/CMSIS/Device/ST/STM32F1xx/Include" -I"E:/Users/joaom/Documents/Cursos/Programação de sistemas embarcados/pse-codes/projeto5/Drivers/CMSIS/Include"  -Og -g3 -Wall -fmessage-length=0 -ffunction-sections -c -fmessage-length=0 -MMD -MP -MF"Drivers/STM32F1xx_HAL_Driver/Src/stm32f1xx_hal_rcc.d" -MT"Drivers/STM32F1xx_HAL_Driver/Src/stm32f1xx_hal_rcc.o" -o "Drivers/STM32F1xx_HAL_Driver/Src/stm32f1xx_hal_rcc.o" "../Drivers/STM32F1xx_HAL_Driver/Src/stm32f1xx_hal_rcc.c"
E:\Users\joaom\Documents\Cursos\Programação de sistemas embarcados\pse-codes\projeto5\Debug
E:\Users\joaom\Documents\Cursos\Programação de sistemas embarcados\pse-codes\projeto5\Debug
Invoking: MCU GCC Compiler
arm-none-eabi-gcc -mcpu=cortex-m3 -mthumb -mfloat-abi=soft -DUSE_HAL_DRIVER -DSTM32F103xB -I"E:/Users/joaom/Documents/Cursos/Programação de sistemas embarcados/pse-codes/projeto5/Core/Inc" -I"E:/Users/joaom/Documents/Cursos/Programação de sistemas embarcados/pse-codes/projeto5/Drivers/STM32F1xx_HAL_Driver/Inc" -I"E:/Users/joaom/Documents/Cursos/Programação de sistemas embarcados/pse-codes/projeto5/Drivers/STM32F1xx_HAL_Driver/Inc/Legacy" -I"E:/Users/joaom/Documents/Cursos/Programação de sistemas embarcados/pse-codes/projeto5/Drivers/CMSIS/Device/ST/STM32F1xx/Include" -I"E:/Users/joaom/Documents/Cursos/Programação de sistemas embarcados/pse-codes/projeto5/Drivers/CMSIS/Include"  -Og -g3 -Wall -fmessage-length=0 -ffunction-sections -c -fmessage-length=0 -MMD -MP -MF"Drivers/STM32F1xx_HAL_Driver/Src/stm32f1xx_hal_tim.d" -MT"Drivers/STM32F1xx_HAL_Driver/Src/stm32f1xx_hal_tim.o" -o "Drivers/STM32F1xx_HAL_Driver/Src/stm32f1xx_hal_tim.o" "../Drivers/STM32F1xx_HAL_Driver/Src/stm32f1xx_hal_tim.c"
Invoking: MCU GCC Compiler
Building file: ../Core/Src/stm32f1xx_hal_msp.c
arm-none-eabi-gcc -mcpu=cortex-m3 -mthumb -mfloat-abi=soft -DUSE_HAL_DRIVER -DSTM32F103xB -I"E:/Users/joaom/Documents/Cursos/Programação de sistemas embarcados/pse-codes/projeto5/Core/Inc" -I"E:/Users/joaom/Documents/Cursos/Programação de sistemas embarcados/pse-codes/projeto5/Drivers/STM32F1xx_HAL_Driver/Inc" -I"E:/Users/joaom/Documents/Cursos/Programação de sistemas embarcados/pse-codes/projeto5/Drivers/STM32F1xx_HAL_Driver/Inc/Legacy" -I"E:/Users/joaom/Documents/Cursos/Programação de sistemas embarcados/pse-codes/projeto5/Drivers/CMSIS/Device/ST/STM32F1xx/Include" -I"E:/Users/joaom/Documents/Cursos/Programação de sistemas embarcados/pse-codes/projeto5/Drivers/CMSIS/Include"  -Og -g3 -Wall -fmessage-length=0 -ffunction-sections -c -fmessage-length=0 -MMD -MP -MF"Drivers/STM32F1xx_HAL_Driver/Src/stm32f1xx_hal_rcc_ex.d" -MT"Drivers/STM32F1xx_HAL_Driver/Src/stm32f1xx_hal_rcc_ex.o" -o "Drivers/STM32F1xx_HAL_Driver/Src/stm32f1xx_hal_rcc_ex.o" "../Drivers/STM32F1xx_HAL_Driver/Src/stm32f1xx_hal_rcc_ex.c"
Building file: ../Core/Src/stm32f1xx_it.c
E:\Users\joaom\Documents\Cursos\Programação de sistemas embarcados\pse-codes\projeto5\Debug
E:\Users\joaom\Documents\Cursos\Programação de sistemas embarcados\pse-codes\projeto5\Debug
arm-none-eabi-gcc -mcpu=cortex-m3 -mthumb -mfloat-abi=soft -DUSE_HAL_DRIVER -DSTM32F103xB -I"E:/Users/joaom/Documents/Cursos/Programação de sistemas embarcados/pse-codes/projeto5/Core/Inc" -I"E:/Users/joaom/Documents/Cursos/Programação de sistemas embarcados/pse-codes/projeto5/Drivers/STM32F1xx_HAL_Driver/Inc" -I"E:/Users/joaom/Documents/Cursos/Programação de sistemas embarcados/pse-codes/projeto5/Drivers/STM32F1xx_HAL_Driver/Inc/Legacy" -I"E:/Users/joaom/Documents/Cursos/Programação de sistemas embarcados/pse-codes/projeto5/Drivers/CMSIS/Device/ST/STM32F1xx/Include" -I"E:/Users/joaom/Documents/Cursos/Programação de sistemas embarcados/pse-codes/projeto5/Drivers/CMSIS/Include"  -Og -g3 -Wall -fmessage-length=0 -ffunction-sections -c -fmessage-length=0 -MMD -MP -MF"Drivers/STM32F1xx_HAL_Driver/Src/stm32f1xx_hal_tim_ex.d" -MT"Drivers/STM32F1xx_HAL_Driver/Src/stm32f1xx_hal_tim_ex.o" -o "Drivers/STM32F1xx_HAL_Driver/Src/stm32f1xx_hal_tim_ex.o" "../Drivers/STM32F1xx_HAL_Driver/Src/stm32f1xx_hal_tim_ex.c"
arm-none-eabi-gcc -mcpu=cortex-m3 -mthumb -mfloat-abi=soft -DUSE_HAL_DRIVER -DSTM32F103xB -I"E:/Users/joaom/Documents/Cursos/Programação de sistemas embarcados/pse-codes/projeto5/Core/Inc" -I"E:/Users/joaom/Documents/Cursos/Programação de sistemas embarcados/pse-codes/projeto5/Drivers/STM32F1xx_HAL_Driver/Inc" -I"E:/Users/joaom/Documents/Cursos/Programação de sistemas embarcados/pse-codes/projeto5/Drivers/STM32F1xx_HAL_Driver/Inc/Legacy" -I"E:/Users/joaom/Documents/Cursos/Programação de sistemas embarcados/pse-codes/projeto5/Drivers/CMSIS/Device/ST/STM32F1xx/Include" -I"E:/Users/joaom/Documents/Cursos/Programação de sistemas embarcados/pse-codes/projeto5/Drivers/CMSIS/Include"  -Og -g3 -Wall -fmessage-length=0 -ffunction-sections -c -fmessage-length=0 -MMD -MP -MF"Core/Src/main.d" -MT"Core/Src/main.o" -o "Core/Src/main.o" "../Core/Src/main.c"
Invoking: MCU GCC Compiler
Invoking: MCU GCC Compiler
E:\Users\joaom\Documents\Cursos\Programação de sistemas embarcados\pse-codes\projeto5\Debug
E:\Users\joaom\Documents\Cursos\Programação de sistemas embarcados\pse-codes\projeto5\Debug
arm-none-eabi-gcc -mcpu=cortex-m3 -mthumb -mfloat-abi=soft -DUSE_HAL_DRIVER -DSTM32F103xB -I"E:/Users/joaom/Documents/Cursos/Programação de sistemas embarcados/pse-codes/projeto5/Core/Inc" -I"E:/Users/joaom/Documents/Cursos/Programação de sistemas embarcados/pse-codes/projeto5/Drivers/STM32F1xx_HAL_Driver/Inc" -I"E:/Users/joaom/Documents/Cursos/Programação de sistemas embarcados/pse-codes/projeto5/Drivers/STM32F1xx_HAL_Driver/Inc/Legacy" -I"E:/Users/joaom/Documents/Cursos/Programação de sistemas embarcados/pse-codes/projeto5/Drivers/CMSIS/Device/ST/STM32F1xx/Include" -I"E:/Users/joaom/Documents/Cursos/Programação de sistemas embarcados/pse-codes/projeto5/Drivers/CMSIS/Include"  -Og -g3 -Wall -fmessage-length=0 -ffunction-sections -c -fmessage-length=0 -MMD -MP -MF"Core/Src/stm32f1xx_hal_msp.d" -MT"Core/Src/stm32f1xx_hal_msp.o" -o "Core/Src/stm32f1xx_hal_msp.o" "../Core/Src/stm32f1xx_hal_msp.c"
arm-none-eabi-gcc -mcpu=cortex-m3 -mthumb -mfloat-abi=soft -DUSE_HAL_DRIVER -DSTM32F103xB -I"E:/Users/joaom/Documents/Cursos/Programação de sistemas embarcados/pse-codes/projeto5/Core/Inc" -I"E:/Users/joaom/Documents/Cursos/Programação de sistemas embarcados/pse-codes/projeto5/Drivers/STM32F1xx_HAL_Driver/Inc" -I"E:/Users/joaom/Documents/Cursos/Programação de sistemas embarcados/pse-codes/projeto5/Drivers/STM32F1xx_HAL_Driver/Inc/Legacy" -I"E:/Users/joaom/Documents/Cursos/Programação de sistemas embarcados/pse-codes/projeto5/Drivers/CMSIS/Device/ST/STM32F1xx/Include" -I"E:/Users/joaom/Documents/Cursos/Programação de sistemas embarcados/pse-codes/projeto5/Drivers/CMSIS/Include"  -Og -g3 -Wall -fmessage-length=0 -ffunction-sections -c -fmessage-length=0 -MMD -MP -MF"Core/Src/stm32f1xx_it.d" -MT"Core/Src/stm32f1xx_it.o" -o "Core/Src/stm32f1xx_it.o" "../Core/Src/stm32f1xx_it.c"
Finished building: ../Drivers/STM32F1xx_HAL_Driver/Src/stm32f1xx_hal_pwr.c
 
Building file: ../Core/Src/system_stm32f1xx.c
Invoking: MCU GCC Compiler
E:\Users\joaom\Documents\Cursos\Programação de sistemas embarcados\pse-codes\projeto5\Debug
Finished building: ../Drivers/STM32F1xx_HAL_Driver/Src/stm32f1xx_hal_rcc_ex.c
Finished building: ../Core/Src/stm32f1xx_it.c
arm-none-eabi-gcc -mcpu=cortex-m3 -mthumb -mfloat-abi=soft -DUSE_HAL_DRIVER -DSTM32F103xB -I"E:/Users/joaom/Documents/Cursos/Programação de sistemas embarcados/pse-codes/projeto5/Core/Inc" -I"E:/Users/joaom/Documents/Cursos/Programação de sistemas embarcados/pse-codes/projeto5/Drivers/STM32F1xx_HAL_Driver/Inc" -I"E:/Users/joaom/Documents/Cursos/Programação de sistemas embarcados/pse-codes/projeto5/Drivers/STM32F1xx_HAL_Driver/Inc/Legacy" -I"E:/Users/joaom/Documents/Cursos/Programação de sistemas embarcados/pse-codes/projeto5/Drivers/CMSIS/Device/ST/STM32F1xx/Include" -I"E:/Users/joaom/Documents/Cursos/Programação de sistemas embarcados/pse-codes/projeto5/Drivers/CMSIS/Include"  -Og -g3 -Wall -fmessage-length=0 -ffunction-sections -c -fmessage-length=0 -MMD -MP -MF"Core/Src/system_stm32f1xx.d" -MT"Core/Src/system_stm32f1xx.o" -o "Core/Src/system_stm32f1xx.o" "../Core/Src/system_stm32f1xx.c"
 
 
Finished building: ../Core/Src/main.c
Finished building: ../Core/Src/stm32f1xx_hal_msp.c
 
Finished building: ../Drivers/STM32F1xx_HAL_Driver/Src/stm32f1xx_hal_rcc.c
 
 
Finished building: ../Drivers/STM32F1xx_HAL_Driver/Src/stm32f1xx_hal_tim_ex.c
 
Finished building: ../Core/Src/system_stm32f1xx.c
 
Finished building: ../Drivers/STM32F1xx_HAL_Driver/Src/stm32f1xx_hal_tim.c
 
Building target: projeto5.elf
Invoking: MCU GCC Linker
arm-none-eabi-gcc -mcpu=cortex-m3 -mthumb -mfloat-abi=soft -specs=nosys.specs -specs=nano.specs -T"../STM32F103C8Tx_FLASH.ld" -Wl,-Map=output.map -Wl,--gc-sections -o "projeto5.elf" @"objects.list"   -lm
Finished building target: projeto5.elf
 
make --no-print-directory post-build
Generating hex and Printing size information:
arm-none-eabi-objcopy -O ihex "projeto5.elf" "projeto5.hex"
arm-none-eabi-size "projeto5.elf"
   text	   data	    bss	    dec	    hex	filename
   5008	     20	   1788	   6816	   1aa0	projeto5.elf
 
12:25:53 **** Incremental Build of configuration Debug for project projeto5 ****
make -j8 all 
make: Nothing to be done for 'all'.
12:31:19 **** Incremental Build of configuration Debug for project projeto5 ****
make -j8 all 
make: Nothing to be done for 'all'.
